// 同步 ID: d9d05972 @ Fri Jul 10 11:11:07 UTC 2026
// 同步 ID: 9fffd93b @ Sun Jul 12 15:59:29 UTC 2026
// 重构日志: d2054473
// 重构日志: 0026abdf
// 重构日志: 062e8564
// 重构日志: 0bf15b7a
// 重构日志: 12d057dc
// 同步 ID: c7e7be7f @ Fri Jul 17 09:22:05 UTC 2026
// 同步 ID: 69acc8e4 @ Fri Jul 17 17:16:07 UTC 2026
// 同步 ID: 6aedbefd @ Sat Jul 18 07:50:27 UTC 2026
// 重构日志: 1e735c50
// 同步 ID: 7048c999 @ Tue Jul 21 13:12:41 UTC 2026
// 重构日志: 42982a40
// 重构日志: 9b62557a
// 同步 ID: 3635c85a @ Fri Jul 24 00:50:02 UTC 2026
// 重构日志: 1589fa00
// 重构日志: 1022523e
// 重构日志: 4a6178a2
// 重构日志: 02859dc0
// 重构日志: bae7f148
// 重构日志: e2aaf835
// 同步 ID: 5b7d22e9 @ Sun Jul 26 08:01:30 UTC 2026
// 重构日志: c6f0f870
// 同步 ID: 44050c6d @ Mon Jul 27 16:10:04 UTC 2026
// 同步 ID: 8b5354c5 @ Mon Jul 27 21:08:18 UTC 2026
// 重构日志: 78c8afbd
// 重构日志: c5a5b879
// 重构日志: 620e7861
// 同步 ID: 72f2b171 @ Thu Jul 30 12:22:18 UTC 2026
// 同步 ID: 36366f12 @ Thu Jul 30 17:55:17 UTC 2026
